Copyright 1986-2016 Xilinx, Inc. All Rights Reserved.
-------------------------------------------------------------------------------------------------------------------------------------------------
| Tool Version     : Vivado v.2016.2 (lin64) Build 1577090 Thu Jun  2 16:32:35 MDT 2016
| Date             : Tue May 30 12:00:30 2017
| Host             : spikepig.dhcp.lbl.gov running 64-bit CentOS Linux release 7.2.1511 (Core)
| Command          : report_power -file top_level_power_routed.rpt -pb top_level_power_summary_routed.pb -rpx top_level_power_routed.rpx
| Design           : top_level
| Device           : xc7k160tfbg676-2
| Design State     : routed
| Grade            : commercial
| Process          : typical
| Characterization : Production
-------------------------------------------------------------------------------------------------------------------------------------------------

Power Report

Table of Contents
-----------------
1. Summary
1.1 On-Chip Components
1.2 Power Supply Summary
1.3 Confidence Level
2. Settings
2.1 Environment
2.2 Clock Constraints
3. Detailed Reports
3.1 By Hierarchy

1. Summary
----------

+--------------------------+-------+
| Total On-Chip Power (W)  | 1.758 |
| Dynamic (W)              | 1.628 |
| Device Static (W)        | 0.130 |
| Effective TJA (C/W)      | 1.9   |
| Max Ambient (C)          | 81.7  |
| Junction Temperature (C) | 28.3  |
| Confidence Level         | Low   |
| Setting File             | ---   |
| Simulation Activity File | ---   |
| Design Nets Matched      | NA    |
+--------------------------+-------+


1.1 On-Chip Components
----------------------

+-------------------------+-----------+----------+-----------+-----------------+
| On-Chip                 | Power (W) | Used     | Available | Utilization (%) |
+-------------------------+-----------+----------+-----------+-----------------+
| Clocks                  |     0.072 |       10 |       --- |             --- |
| Slice Logic             |     0.023 |    13380 |       --- |             --- |
|   LUT as Logic          |     0.020 |     4659 |    101400 |            4.59 |
|   Register              |     0.002 |     7514 |    202800 |            3.71 |
|   CARRY4                |    <0.001 |      190 |     25350 |            0.75 |
|   F7/F8 Muxes           |    <0.001 |      325 |    101400 |            0.32 |
|   LUT as Shift Register |    <0.001 |       33 |     35000 |            0.09 |
|   Others                |     0.000 |      344 |       --- |             --- |
| Signals                 |     0.038 |    11998 |       --- |             --- |
| Block RAM               |     0.077 |     30.5 |       325 |            9.38 |
| MMCM                    |     0.108 |        1 |         8 |           12.50 |
| I/O                     |    <0.001 |        8 |       400 |            2.00 |
| GTX                     |     1.253 |        4 |         8 |           50.00 |
| Hard IPs                |     0.058 |        1 |       --- |             --- |
|   PCIE                  |     0.058 |        1 |         1 |          100.00 |
| Static Power            |     0.130 |          |           |                 |
| Total                   |     1.758 |          |           |                 |
+-------------------------+-----------+----------+-----------+-----------------+


1.2 Power Supply Summary
------------------------

+-----------+-------------+-----------+-------------+------------+
| Source    | Voltage (V) | Total (A) | Dynamic (A) | Static (A) |
+-----------+-------------+-----------+-------------+------------+
| Vccint    |       1.000 |     0.455 |       0.408 |      0.047 |
| Vccaux    |       1.800 |     0.077 |       0.059 |      0.018 |
| Vcco33    |       3.300 |     0.000 |       0.000 |      0.000 |
| Vcco25    |       2.500 |     0.000 |       0.000 |      0.000 |
| Vcco18    |       1.800 |     0.000 |       0.000 |      0.000 |
| Vcco15    |       1.500 |     0.001 |       0.000 |      0.001 |
| Vcco135   |       1.350 |     0.000 |       0.000 |      0.000 |
| Vcco12    |       1.200 |     0.000 |       0.000 |      0.000 |
| Vccaux_io |       1.800 |     0.000 |       0.000 |      0.000 |
| Vccbram   |       1.000 |     0.008 |       0.005 |      0.002 |
| MGTAVcc   |       1.000 |     0.642 |       0.637 |      0.005 |
| MGTAVtt   |       1.200 |     0.382 |       0.377 |      0.005 |
| MGTVccaux |       1.800 |     0.010 |       0.010 |      0.000 |
| Vccadc    |       1.800 |     0.020 |       0.000 |      0.020 |
+-----------+-------------+-----------+-------------+------------+


1.3 Confidence Level
--------------------

+-----------------------------+------------+--------------------------------------------------------+------------------------------------------------------------------------------------------------------------+
| User Input Data             | Confidence | Details                                                | Action                                                                                                     |
+-----------------------------+------------+--------------------------------------------------------+------------------------------------------------------------------------------------------------------------+
| Design implementation state | High       | Design is routed                                       |                                                                                                            |
| Clock nodes activity        | High       | User specified more than 95% of clocks                 |                                                                                                            |
| I/O nodes activity          | Low        | More than 75% of inputs are missing user specification | Provide missing input activity with simulation results or by editing the "By Resource Type -> I/Os" view   |
| Internal nodes activity     | Medium     | User specified less than 25% of internal nodes         | Provide missing internal nodes activity with simulation results or by editing the "By Resource Type" views |
| Device models               | High       | Device models are Production                           |                                                                                                            |
|                             |            |                                                        |                                                                                                            |
| Overall confidence level    | Low        |                                                        |                                                                                                            |
+-----------------------------+------------+--------------------------------------------------------+------------------------------------------------------------------------------------------------------------+


2. Settings
-----------

2.1 Environment
---------------

+-----------------------+--------------------------+
| Ambient Temp (C)      | 25.0                     |
| ThetaJA (C/W)         | 1.9                      |
| Airflow (LFM)         | 250                      |
| Heat Sink             | medium (Medium Profile)  |
| ThetaSA (C/W)         | 3.4                      |
| Board Selection       | medium (10"x10")         |
| # of Board Layers     | 12to15 (12 to 15 Layers) |
| Board Temperature (C) | 25.0                     |
+-----------------------+--------------------------+


2.2 Clock Constraints
---------------------

+---------------------+------------------------------------------------------------------------------------+-----------------+
| Clock               | Domain                                                                             | Constraint (ns) |
+---------------------+------------------------------------------------------------------------------------+-----------------+
| clk_125mhz_mux_x0y0 | pcie_0/U0/inst/gt_top_i/pipe_wrapper_i/pipe_clock_int.pipe_clock_i/CLK             |             4.0 |
| clk_125mhz_x0y0     | pcie_0/U0/inst/gt_top_i/pipe_wrapper_i/pipe_clock_int.pipe_clock_i/clk_125mhz      |             8.0 |
| clk_250mhz_mux_x0y0 | pcie_0/U0/inst/gt_top_i/pipe_wrapper_i/pipe_clock_int.pipe_clock_i/CLK             |             4.0 |
| clk_250mhz_x0y0     | pcie_0/U0/inst/gt_top_i/pipe_wrapper_i/pipe_clock_int.pipe_clock_i/clk_250mhz      |             4.0 |
| mmcm_fb             | pcie_0/U0/inst/gt_top_i/pipe_wrapper_i/pipe_clock_int.pipe_clock_i/mmcm_fb         |            10.0 |
| pcie_clk            | pcie_clk_n                                                                         |            10.0 |
| pcie_clk            | pcie_clk_p                                                                         |            10.0 |
| txoutclk_x0y0       | pcie_0/U0/inst/gt_top_i/pipe_wrapper_i/pipe_lane[0].gt_wrapper_i/pipe_txoutclk_out |            10.0 |
| userclk1            | pcie_0/U0/inst/gt_top_i/pipe_wrapper_i/pipe_clock_int.pipe_clock_i/userclk1        |             4.0 |
+---------------------+------------------------------------------------------------------------------------+-----------------+


3. Detailed Reports
-------------------

3.1 By Hierarchy
----------------

+--------------------------------------------------------------------------------+-----------+
| Name                                                                           | Power (W) |
+--------------------------------------------------------------------------------+-----------+
| top_level                                                                      |     1.628 |
|   app_0                                                                        |     0.112 |
|     arbiter                                                                    |     0.002 |
|     csr_ram                                                                    |     0.008 |
|     dbg_reg_comp                                                               |     0.004 |
|     dma_bram_gen.dma_ram                                                       |     0.017 |
|       gen_bram[0].BRAM_SINGLE_MACRO_inst                                       |     0.002 |
|       gen_bram[10].BRAM_SINGLE_MACRO_inst                                      |    <0.001 |
|       gen_bram[11].BRAM_SINGLE_MACRO_inst                                      |    <0.001 |
|       gen_bram[12].BRAM_SINGLE_MACRO_inst                                      |    <0.001 |
|       gen_bram[13].BRAM_SINGLE_MACRO_inst                                      |    <0.001 |
|       gen_bram[14].BRAM_SINGLE_MACRO_inst                                      |    <0.001 |
|       gen_bram[15].BRAM_SINGLE_MACRO_inst                                      |    <0.001 |
|       gen_bram[1].BRAM_SINGLE_MACRO_inst                                       |     0.001 |
|       gen_bram[2].BRAM_SINGLE_MACRO_inst                                       |    <0.001 |
|       gen_bram[3].BRAM_SINGLE_MACRO_inst                                       |     0.002 |
|       gen_bram[4].BRAM_SINGLE_MACRO_inst                                       |    <0.001 |
|       gen_bram[5].BRAM_SINGLE_MACRO_inst                                       |    <0.001 |
|       gen_bram[6].BRAM_SINGLE_MACRO_inst                                       |    <0.001 |
|       gen_bram[7].BRAM_SINGLE_MACRO_inst                                       |    <0.001 |
|       gen_bram[8].BRAM_SINGLE_MACRO_inst                                       |    <0.001 |
|       gen_bram[9].BRAM_SINGLE_MACRO_inst                                       |    <0.001 |
|     dma_ctrl                                                                   |     0.011 |
|       dma_controller_wb_slave_0                                                |     0.007 |
|     l2p_dma                                                                    |     0.026 |
|       cmp_addr_fifo                                                            |     0.007 |
|         U0                                                                     |     0.007 |
|           U0                                                                   |     0.007 |
|             inst_fifo_gen                                                      |     0.007 |
|               gconvfifo.rf                                                     |     0.007 |
|                 grf.rf                                                         |     0.007 |
|                   gntv_or_sync_fifo.gcx.clkx                                   |     0.001 |
|                     gsync_stage[1].rd_stg_inst                                 |    <0.001 |
|                     gsync_stage[1].wr_stg_inst                                 |    <0.001 |
|                     gsync_stage[2].rd_stg_inst                                 |    <0.001 |
|                     gsync_stage[2].wr_stg_inst                                 |    <0.001 |
|                   gntv_or_sync_fifo.gl0.rd                                     |    <0.001 |
|                     gr1.gr1_int.rfwft                                          |    <0.001 |
|                     gras.rsts                                                  |    <0.001 |
|                       c0                                                       |    <0.001 |
|                       c1                                                       |    <0.001 |
|                     rpntr                                                      |    <0.001 |
|                   gntv_or_sync_fifo.gl0.wr                                     |    <0.001 |
|                     gwas.gpf.wrpf                                              |    <0.001 |
|                     gwas.wsts                                                  |    <0.001 |
|                       c1                                                       |    <0.001 |
|                       c2                                                       |    <0.001 |
|                     wpntr                                                      |    <0.001 |
|                   gntv_or_sync_fifo.mem                                        |     0.005 |
|                     gbm.gbmg.gbmga.ngecc.bmg                                   |     0.005 |
|                       inst_blk_mem_gen                                         |     0.005 |
|                         gnbram.gnativebmg.native_blk_mem_gen                   |     0.005 |
|                           valid.cstr                                           |     0.005 |
|                             ramloop[0].ram.r                                   |     0.005 |
|                               prim_noinit.ram                                  |     0.005 |
|                   rstblk                                                       |    <0.001 |
|       cmp_data_fifo                                                            |     0.010 |
|         U0                                                                     |     0.009 |
|           U0                                                                   |     0.009 |
|             inst_fifo_gen                                                      |     0.009 |
|               gconvfifo.rf                                                     |     0.009 |
|                 grf.rf                                                         |     0.009 |
|                   gntv_or_sync_fifo.gcx.clkx                                   |     0.001 |
|                     gsync_stage[1].rd_stg_inst                                 |    <0.001 |
|                     gsync_stage[1].wr_stg_inst                                 |    <0.001 |
|                     gsync_stage[2].rd_stg_inst                                 |    <0.001 |
|                     gsync_stage[2].wr_stg_inst                                 |    <0.001 |
|                   gntv_or_sync_fifo.gl0.rd                                     |    <0.001 |
|                     gr1.gr1_int.rfwft                                          |    <0.001 |
|                     gras.rsts                                                  |    <0.001 |
|                       c0                                                       |    <0.001 |
|                       c1                                                       |    <0.001 |
|                     rpntr                                                      |    <0.001 |
|                   gntv_or_sync_fifo.gl0.wr                                     |    <0.001 |
|                     gwas.gpf.wrpf                                              |    <0.001 |
|                     gwas.wsts                                                  |    <0.001 |
|                       c1                                                       |    <0.001 |
|                       c2                                                       |    <0.001 |
|                     wpntr                                                      |    <0.001 |
|                   gntv_or_sync_fifo.mem                                        |     0.007 |
|                     gbm.gbmg.gbmga.ngecc.bmg                                   |     0.007 |
|                       inst_blk_mem_gen                                         |     0.007 |
|                         gnbram.gnativebmg.native_blk_mem_gen                   |     0.007 |
|                           valid.cstr                                           |     0.007 |
|                             ramloop[0].ram.r                                   |     0.003 |
|                               prim_noinit.ram                                  |     0.003 |
|                             ramloop[1].ram.r                                   |     0.003 |
|                               prim_noinit.ram                                  |     0.003 |
|                   rstblk                                                       |    <0.001 |
|     p2l_dec_comp                                                               |     0.007 |
|     p2l_dma                                                                    |     0.018 |
|       cmp_to_wb_fifo                                                           |     0.010 |
|         gen_fifo_96bit.cmp_fifo_96x512                                         |     0.010 |
|           U0                                                                   |     0.010 |
|             inst_fifo_gen                                                      |     0.010 |
|               gconvfifo.rf                                                     |     0.010 |
|                 grf.rf                                                         |     0.010 |
|                   gntv_or_sync_fifo.gcx.clkx                                   |     0.001 |
|                     gsync_stage[1].rd_stg_inst                                 |    <0.001 |
|                     gsync_stage[1].wr_stg_inst                                 |    <0.001 |
|                     gsync_stage[2].rd_stg_inst                                 |    <0.001 |
|                     gsync_stage[2].wr_stg_inst                                 |    <0.001 |
|                   gntv_or_sync_fifo.gl0.rd                                     |    <0.001 |
|                     gr1.gr1_int.rfwft                                          |    <0.001 |
|                     gras.rsts                                                  |    <0.001 |
|                       c0                                                       |    <0.001 |
|                       c1                                                       |    <0.001 |
|                     rpntr                                                      |    <0.001 |
|                   gntv_or_sync_fifo.gl0.wr                                     |    <0.001 |
|                     gwas.gpf.wrpf                                              |    <0.001 |
|                     gwas.wsts                                                  |    <0.001 |
|                       c1                                                       |    <0.001 |
|                       c2                                                       |    <0.001 |
|                     wpntr                                                      |    <0.001 |
|                   gntv_or_sync_fifo.mem                                        |     0.008 |
|                     gbm.gbmg.gbmga.ngecc.bmg                                   |     0.007 |
|                       inst_blk_mem_gen                                         |     0.007 |
|                         gnbram.gnativebmg.native_blk_mem_gen                   |     0.007 |
|                           valid.cstr                                           |     0.007 |
|                             ramloop[0].ram.r                                   |     0.003 |
|                               prim_noinit.ram                                  |     0.003 |
|                             ramloop[1].ram.r                                   |     0.005 |
|                               prim_noinit.ram                                  |     0.005 |
|                   rstblk                                                       |    <0.001 |
|     wb32                                                                       |     0.019 |
|       cmp_fifo_to_wb                                                           |     0.007 |
|         gen_fifo_64bit.cmp_fifo_64x512                                         |     0.007 |
|           U0                                                                   |     0.007 |
|             inst_fifo_gen                                                      |     0.007 |
|               gconvfifo.rf                                                     |     0.007 |
|                 grf.rf                                                         |     0.007 |
|                   gntv_or_sync_fifo.gcx.clkx                                   |     0.001 |
|                     gsync_stage[1].rd_stg_inst                                 |    <0.001 |
|                     gsync_stage[1].wr_stg_inst                                 |    <0.001 |
|                     gsync_stage[2].rd_stg_inst                                 |    <0.001 |
|                     gsync_stage[2].wr_stg_inst                                 |    <0.001 |
|                   gntv_or_sync_fifo.gl0.rd                                     |    <0.001 |
|                     gras.rsts                                                  |    <0.001 |
|                       c0                                                       |    <0.001 |
|                       c1                                                       |    <0.001 |
|                     rpntr                                                      |    <0.001 |
|                   gntv_or_sync_fifo.gl0.wr                                     |    <0.001 |
|                     gwas.gpf.wrpf                                              |    <0.001 |
|                     gwas.wsts                                                  |    <0.001 |
|                       c1                                                       |    <0.001 |
|                       c2                                                       |    <0.001 |
|                     wpntr                                                      |    <0.001 |
|                   gntv_or_sync_fifo.mem                                        |     0.005 |
|                     gbm.gbmg.gbmga.ngecc.bmg                                   |     0.005 |
|                       inst_blk_mem_gen                                         |     0.005 |
|                         gnbram.gnativebmg.native_blk_mem_gen                   |     0.005 |
|                           valid.cstr                                           |     0.005 |
|                             ramloop[0].ram.r                                   |     0.005 |
|                               prim_noinit.ram                                  |     0.005 |
|                   rstblk                                                       |    <0.001 |
|       cmp_from_wb_fifo                                                         |     0.008 |
|         gen_fifo_64bit.cmp_fifo_64x512                                         |     0.008 |
|           U0                                                                   |     0.008 |
|             inst_fifo_gen                                                      |     0.008 |
|               gconvfifo.rf                                                     |     0.008 |
|                 grf.rf                                                         |     0.008 |
|                   gntv_or_sync_fifo.gcx.clkx                                   |     0.001 |
|                     gsync_stage[1].rd_stg_inst                                 |    <0.001 |
|                     gsync_stage[1].wr_stg_inst                                 |    <0.001 |
|                     gsync_stage[2].rd_stg_inst                                 |    <0.001 |
|                     gsync_stage[2].wr_stg_inst                                 |    <0.001 |
|                   gntv_or_sync_fifo.gl0.rd                                     |    <0.001 |
|                     gras.rsts                                                  |    <0.001 |
|                       c0                                                       |    <0.001 |
|                       c1                                                       |    <0.001 |
|                     rpntr                                                      |    <0.001 |
|                   gntv_or_sync_fifo.gl0.wr                                     |    <0.001 |
|                     gwas.wsts                                                  |    <0.001 |
|                       c1                                                       |    <0.001 |
|                       c2                                                       |    <0.001 |
|                     wpntr                                                      |    <0.001 |
|                   gntv_or_sync_fifo.mem                                        |     0.006 |
|                     gbm.gbmg.gbmga.ngecc.bmg                                   |     0.006 |
|                       inst_blk_mem_gen                                         |     0.006 |
|                         gnbram.gnativebmg.native_blk_mem_gen                   |     0.006 |
|                           valid.cstr                                           |     0.006 |
|                             ramloop[0].ram.r                                   |     0.006 |
|                               prim_noinit.ram                                  |     0.006 |
|                   rstblk                                                       |    <0.001 |
|   pcie_0                                                                       |     1.516 |
|     U0                                                                         |     1.516 |
|       inst                                                                     |     1.516 |
|         gt_top_i                                                               |     1.402 |
|           gt_rx_valid_filter[0].GT_RX_VALID_FILTER_7x_inst                     |    <0.001 |
|           gt_rx_valid_filter[1].GT_RX_VALID_FILTER_7x_inst                     |    <0.001 |
|           gt_rx_valid_filter[2].GT_RX_VALID_FILTER_7x_inst                     |    <0.001 |
|           gt_rx_valid_filter[3].GT_RX_VALID_FILTER_7x_inst                     |    <0.001 |
|           pipe_wrapper_i                                                       |     1.399 |
|             pipe_clock_int.pipe_clock_i                                        |     0.109 |
|             pipe_lane[0].gt_wrapper_i                                          |     0.314 |
|               cpllPDInst                                                       |    <0.001 |
|             pipe_lane[0].pipe_drp.pipe_drp_i                                   |     0.001 |
|             pipe_lane[0].pipe_eq.pipe_eq_i                                     |     0.002 |
|               rxeq_scan_i                                                      |    <0.001 |
|             pipe_lane[0].pipe_quad.gt_common_enabled.gt_common_int.gt_common_i |    <0.001 |
|               qpll_drp_i                                                       |    <0.001 |
|               qpll_wrapper_i                                                   |    <0.001 |
|             pipe_lane[0].pipe_rate.pipe_rate_i                                 |     0.003 |
|             pipe_lane[0].pipe_sync_i                                           |    <0.001 |
|             pipe_lane[0].pipe_user_i                                           |     0.001 |
|             pipe_lane[1].gt_wrapper_i                                          |     0.314 |
|               cpllPDInst                                                       |    <0.001 |
|             pipe_lane[1].pipe_drp.pipe_drp_i                                   |     0.001 |
|             pipe_lane[1].pipe_eq.pipe_eq_i                                     |     0.002 |
|               rxeq_scan_i                                                      |     0.001 |
|             pipe_lane[1].pipe_rate.pipe_rate_i                                 |     0.003 |
|             pipe_lane[1].pipe_sync_i                                           |    <0.001 |
|             pipe_lane[1].pipe_user_i                                           |     0.001 |
|             pipe_lane[2].gt_wrapper_i                                          |     0.314 |
|               cpllPDInst                                                       |    <0.001 |
|             pipe_lane[2].pipe_drp.pipe_drp_i                                   |     0.001 |
|             pipe_lane[2].pipe_eq.pipe_eq_i                                     |     0.002 |
|               rxeq_scan_i                                                      |     0.001 |
|             pipe_lane[2].pipe_rate.pipe_rate_i                                 |     0.003 |
|             pipe_lane[2].pipe_sync_i                                           |    <0.001 |
|             pipe_lane[2].pipe_user_i                                           |     0.001 |
|             pipe_lane[3].gt_wrapper_i                                          |     0.314 |
|               cpllPDInst                                                       |    <0.001 |
|             pipe_lane[3].pipe_drp.pipe_drp_i                                   |     0.001 |
|             pipe_lane[3].pipe_eq.pipe_eq_i                                     |     0.002 |
|               rxeq_scan_i                                                      |     0.001 |
|             pipe_lane[3].pipe_rate.pipe_rate_i                                 |     0.003 |
|             pipe_lane[3].pipe_sync_i                                           |    <0.001 |
|             pipe_lane[3].pipe_user_i                                           |     0.001 |
|             pipe_reset.pipe_reset_i                                            |     0.001 |
|             qpll_reset.qpll_reset_i                                            |    <0.001 |
|         pcie_top_i                                                             |     0.113 |
|           axi_basic_top_i                                                      |     0.005 |
|             rx_inst                                                            |     0.004 |
|               rx_null_gen_inst                                                 |     0.001 |
|               rx_pipeline_inst                                                 |     0.003 |
|             tx_inst                                                            |     0.001 |
|               tx_pipeline_inst                                                 |    <0.001 |
|               xhdl12.tx_thrl_ctl_inst                                          |    <0.001 |
|           pcie_7x_i                                                            |     0.102 |
|             pcie_bram_top                                                      |     0.040 |
|               pcie_brams_rx                                                    |     0.020 |
|                 brams[0].ram                                                   |     0.005 |
|                   use_tdp.ramb36                                               |     0.005 |
|                 brams[1].ram                                                   |     0.005 |
|                   use_tdp.ramb36                                               |     0.005 |
|                 brams[2].ram                                                   |     0.005 |
|                   use_tdp.ramb36                                               |     0.005 |
|                 brams[3].ram                                                   |     0.005 |
|                   use_tdp.ramb36                                               |     0.005 |
|               pcie_brams_tx                                                    |     0.020 |
|                 brams[0].ram                                                   |     0.005 |
|                   use_tdp.ramb36                                               |     0.005 |
|                 brams[1].ram                                                   |     0.005 |
|                   use_tdp.ramb36                                               |     0.005 |
|                 brams[2].ram                                                   |     0.005 |
|                   use_tdp.ramb36                                               |     0.005 |
|                 brams[3].ram                                                   |     0.005 |
|                   use_tdp.ramb36                                               |     0.005 |
|           pcie_pipe_pipeline_i                                                 |     0.006 |
|             pipe_lane_0_i                                                      |     0.001 |
|             pipe_lane_2.pipe_lane_1_i                                          |     0.001 |
|             pipe_lane_4.pipe_lane_2_i                                          |     0.001 |
|             pipe_lane_4.pipe_lane_3_i                                          |     0.001 |
|             pipe_misc_i                                                        |    <0.001 |
|         pl_phy_lnk_up_cdc                                                      |    <0.001 |
|         pl_received_hot_rst_cdc                                                |    <0.001 |
+--------------------------------------------------------------------------------+-----------+


