Copyright 1986-2016 Xilinx, Inc. All Rights Reserved.
------------------------------------------------------------------------------------------------
| Tool Version      : Vivado v.2016.2 (lin64) Build 1577090 Thu Jun  2 16:32:35 MDT 2016
| Date              : Fri Aug  4 17:40:07 2017
| Host              : spikepig.dhcp.lbl.gov running 64-bit CentOS Linux release 7.2.1511 (Core)
| Command           : report_clock_utilization -file top_level_clock_utilization_routed.rpt
| Design            : top_level
| Device            : 7k160t-fbg676
| Speed File        : -2  PRODUCTION 1.12 2014-09-11
| Temperature Grade : C
------------------------------------------------------------------------------------------------

Clock Utilization Report

Table of Contents
-----------------
1. Clock Primitive Utilization
2. Global Clock Resources
3. Global Clock Source Details
4. Local Clock Details
5. Clock Regions: Key Resource Utilization
6. Clock Regions : Global Clock Summary
7. Cell Type Counts per Global Clock: Region X0Y0
8. Cell Type Counts per Global Clock: Region X1Y0
9. Cell Type Counts per Global Clock: Region X0Y1
10. Cell Type Counts per Global Clock: Region X1Y1
11. Cell Type Counts per Global Clock: Region X0Y2
12. Cell Type Counts per Global Clock: Region X1Y2
13. Cell Type Counts per Global Clock: Region X0Y3
14. Cell Type Counts per Global Clock: Region X1Y3
15. Cell Type Counts per Global Clock: Region X0Y4
16. Cell Type Counts per Global Clock: Region X1Y4
17. Load Cell Placement Summary for Global Clock g0
18. Load Cell Placement Summary for Global Clock g1
19. Load Cell Placement Summary for Global Clock g2
20. Load Cell Placement Summary for Global Clock g3
21. Load Cell Placement Summary for Global Clock g5
22. Load Cell Placement Summary for Global Clock g4
23. Load Cell Placement Summary for Global Clock g6
24. Load Cell Placement Summary for Global Clock g7
25. Load Cell Placement Summary for Global Clock g8
26. Load Cell Placement Summary for Global Clock g9
27. Load Cell Placement Summary for Global Clock g10
28. Load Cell Placement Summary for Global Clock g11
29. Load Cell Placement Summary for Global Clock g12

1. Clock Primitive Utilization
------------------------------

+----------+------+-----------+-----+--------------+--------+
| Type     | Used | Available | LOC | Clock Region | Pblock |
+----------+------+-----------+-----+--------------+--------+
| BUFGCTRL |   13 |        32 |   0 |            0 |      0 |
| BUFH     |    0 |       120 |   0 |            0 |      0 |
| BUFIO    |    0 |        32 |   0 |            0 |      0 |
| BUFMR    |    0 |        16 |   0 |            0 |      0 |
| BUFR     |    0 |        32 |   0 |            0 |      0 |
| MMCM     |    2 |         8 |   0 |            0 |      0 |
| PLL      |    0 |         8 |   0 |            0 |      0 |
+----------+------+-----------+-----+--------------+--------+


2. Global Clock Resources
-------------------------

+-------+-------+-----------------+------------+----------------+--------------+------+-------------------+---------------+-------------+-----------------+--------------+---------------------------------------------------------------------+-----------------------------------------------------------------------------------------------+--------------------------------------------------------------------------------------+
| GlbID | SrcId | Driver Type/Pin | Constraint | Site           | Clock Region | Root | Clock Delay Group | Clock Regions | Clock Loads | Non-Clock Loads | Clock Period | Clock                                                               | Driver Pin                                                                                    | Net                                                                                  |
+-------+-------+-----------------+------------+----------------+--------------+------+-------------------+---------------+-------------+-----------------+--------------+---------------------------------------------------------------------+-----------------------------------------------------------------------------------------------+--------------------------------------------------------------------------------------+
| g0    | src0  | BUFG/O          | None       | BUFGCTRL_X0Y4  | n/a          |      |                   |            10 |       15296 |               0 |        4.000 | clk_250_clk_gen                                                     | app_0/clk_gen_cmp/inst/clkout1_buf/O                                                          | app_0/clk_gen_cmp/inst/clk_250                                                       |
| g1    | src0  | BUFG/O          | None       | BUFGCTRL_X0Y0  | n/a          |      |                   |             5 |        1968 |               0 |        6.400 | clk_160_clk_gen                                                     | app_0/clk_gen_cmp/inst/clkout2_buf/O                                                          | app_0/clk_gen_cmp/inst/clk_160                                                       |
| g2    | src0  | BUFG/O          | None       | BUFGCTRL_X0Y1  | n/a          |      |                   |             7 |        1954 |               0 |       25.600 | clk_40_clk_gen                                                      | app_0/clk_gen_cmp/inst/clkout4_buf/O                                                          | app_0/clk_gen_cmp/inst/clk_40                                                        |
| g3    | src1  | BUFGCTRL/O      | None       | BUFGCTRL_X0Y16 | n/a          |      |                   |             2 |        1287 |               0 |        4.000 | Multiple                                                            | pcie_0/U0/inst/gt_top_i/pipe_wrapper_i/pipe_clock_int.pipe_clock_i/pclk_i1_bufgctrl.pclk_i1/O | pcie_0/U0/inst/gt_top_i/pipe_wrapper_i/pipe_clock_int.pipe_clock_i/CLK               |
| g4    | src1  | BUFG/O          | None       | BUFGCTRL_X0Y18 | n/a          |      |                   |             2 |         379 |               0 |        8.000 | clk_125mhz_x0y0                                                     | pcie_0/U0/inst/gt_top_i/pipe_wrapper_i/pipe_clock_int.pipe_clock_i/dclk_i_bufg.dclk_i/O       | pcie_0/U0/inst/gt_top_i/pipe_wrapper_i/pipe_clock_int.pipe_clock_i/dclk_rst_reg2_reg |
| g5    | src1  | BUFG/O          | None       | BUFGCTRL_X0Y17 | n/a          |      |                   |             3 |         571 |               0 |        4.000 | userclk1                                                            | pcie_0/U0/inst/gt_top_i/pipe_wrapper_i/pipe_clock_int.pipe_clock_i/userclk1_i1.usrclk1_i1/O   | pcie_0/U0/inst/gt_top_i/pipe_wrapper_i/pipe_clock_int.pipe_clock_i/INT_USERCLK1_OUT  |
| g6    | src2  | BUFG/O          | None       | BUFGCTRL_X0Y5  | n/a          |      |                   |             2 |         271 |               0 |       30.000 | dbg_hub/inst/N_EXT_BSCAN.bscan_inst/SERIES7_BSCAN.bscan_inst/DRCK   | dbg_hub/inst/N_EXT_BSCAN.u_bufg_icon/O                                                        | dbg_hub/inst/idrck                                                                   |
| g7    | src3  | BUFG/O          | None       | BUFGCTRL_X0Y19 | n/a          |      |                   |             1 |          36 |               0 |       10.000 | pcie_clk                                                            | pcie_0/U0/inst/gt_top_i/pipe_wrapper_i/cpllpd_refclk_inst/O                                   | pcie_0/U0/inst/gt_top_i/pipe_wrapper_i/gt_cpllpdrefclk                               |
| g8    | src0  | BUFG/O          | None       | BUFGCTRL_X0Y2  | n/a          |      |                   |             3 |           8 |               0 |       25.600 | clk_40_90_clk_gen                                                   | app_0/clk_gen_cmp/inst/clkout5_buf/O                                                          | app_0/clk_gen_cmp/inst/clk_40_90                                                     |
| g9    | src0  | BUFG/O          | None       | BUFGCTRL_X0Y3  | n/a          |      |                   |             5 |           8 |               0 |        1.600 | clk_640_clk_gen                                                     | app_0/clk_gen_cmp/inst/clkout6_buf/O                                                          | app_0/clk_gen_cmp/inst/clk_640                                                       |
| g10   | src0  | BUFG/O          | None       | BUFGCTRL_X0Y6  | n/a          |      |                   |             1 |           1 |               0 |        4.000 | clkfbout_clk_gen                                                    | app_0/clk_gen_cmp/inst/clkf_buf/O                                                             | app_0/clk_gen_cmp/inst/clkfbout_buf_clk_gen                                          |
| g11   | src2  | BUFG/O          | None       | BUFGCTRL_X0Y7  | n/a          |      |                   |             1 |           1 |               0 |       60.000 | dbg_hub/inst/N_EXT_BSCAN.bscan_inst/SERIES7_BSCAN.bscan_inst/UPDATE | dbg_hub/inst/N_EXT_BSCAN.u_bufg_icon_update/O                                                 | dbg_hub/inst/UPDATE_temp                                                             |
| g12   | src4  | BUFG/O          | None       | BUFGCTRL_X0Y20 | n/a          |      |                   |             1 |           1 |               0 |       10.000 | txoutclk_x0y0                                                       | pcie_0/U0/inst/gt_top_i/pipe_wrapper_i/pipe_clock_int.pipe_clock_i/txoutclk_i.txoutclk_i/O    | pcie_0/U0/inst/gt_top_i/pipe_wrapper_i/pipe_clock_int.pipe_clock_i/refclk            |
+-------+-------+-----------------+------------+----------------+--------------+------+-------------------+---------------+-------------+-----------------+--------------+---------------------------------------------------------------------+-----------------------------------------------------------------------------------------------+--------------------------------------------------------------------------------------+
* Note: Multiple constraint types applied to the driver. Please check for potential conflicts.


3. Global Clock Source Details
------------------------------

+-------+--------+------------------------+--------------------+--------------------+--------------+-------------+-----------------+---------------------+---------------------------------------------------------------------+-------------------------------------------------------------------------------------------------------+------------------------------------------------------------------------------------+
| SrcID | GlbIDs | Driver Type/Pin        | Constraint         | Site               | Clock Region | Clock Loads | Non-Clock Loads | Source Clock Period | Source Clock                                                        | Driver Pin                                                                                            | Net                                                                                |
+-------+--------+------------------------+--------------------+--------------------+--------------+-------------+-----------------+---------------------+---------------------------------------------------------------------+-------------------------------------------------------------------------------------------------------+------------------------------------------------------------------------------------+
| src0  | g1     | MMCME2_ADV/CLKOUT1     | None               | MMCME2_ADV_X0Y2    | X0Y2         |           0 |               1 |               6.400 | clk_160_clk_gen                                                     | app_0/clk_gen_cmp/inst/mmcm_adv_inst/CLKOUT1                                                          | app_0/clk_gen_cmp/inst/clk_160_clk_gen                                             |
| src0  | g0     | MMCME2_ADV/CLKOUT0     | None               | MMCME2_ADV_X0Y2    | X0Y2         |           0 |               1 |               4.000 | clk_250_clk_gen                                                     | app_0/clk_gen_cmp/inst/mmcm_adv_inst/CLKOUT0                                                          | app_0/clk_gen_cmp/inst/clk_250_clk_gen                                             |
| src0  | g8     | MMCME2_ADV/CLKOUT4     | None               | MMCME2_ADV_X0Y2    | X0Y2         |           0 |               1 |              25.600 | clk_40_90_clk_gen                                                   | app_0/clk_gen_cmp/inst/mmcm_adv_inst/CLKOUT4                                                          | app_0/clk_gen_cmp/inst/clk_40_90_clk_gen                                           |
| src0  | g2     | MMCME2_ADV/CLKOUT3     | None               | MMCME2_ADV_X0Y2    | X0Y2         |           0 |               1 |              25.600 | clk_40_clk_gen                                                      | app_0/clk_gen_cmp/inst/mmcm_adv_inst/CLKOUT3                                                          | app_0/clk_gen_cmp/inst/clk_40_clk_gen                                              |
| src0  | g9     | MMCME2_ADV/CLKOUT5     | None               | MMCME2_ADV_X0Y2    | X0Y2         |           0 |               1 |               1.600 | clk_640_clk_gen                                                     | app_0/clk_gen_cmp/inst/mmcm_adv_inst/CLKOUT5                                                          | app_0/clk_gen_cmp/inst/clk_640_clk_gen                                             |
| src0  | g10    | MMCME2_ADV/CLKFBOUT    | None               | MMCME2_ADV_X0Y2    | X0Y2         |           0 |               1 |               4.000 | clkfbout_clk_gen                                                    | app_0/clk_gen_cmp/inst/mmcm_adv_inst/CLKFBOUT                                                         | app_0/clk_gen_cmp/inst/clkfbout_clk_gen                                            |
| src1  | g3, g4 | MMCME2_ADV/CLKOUT0     | None               | MMCME2_ADV_X0Y4    | X0Y4         |           1 |               1 |               8.000 | clk_125mhz_x0y0                                                     | pcie_0/U0/inst/gt_top_i/pipe_wrapper_i/pipe_clock_int.pipe_clock_i/mmcm_i/CLKOUT0                     | pcie_0/U0/inst/gt_top_i/pipe_wrapper_i/pipe_clock_int.pipe_clock_i/clk_125mhz      |
| src1  | g5     | MMCME2_ADV/CLKOUT2     | None               | MMCME2_ADV_X0Y4    | X0Y4         |           0 |               1 |               4.000 | userclk1                                                            | pcie_0/U0/inst/gt_top_i/pipe_wrapper_i/pipe_clock_int.pipe_clock_i/mmcm_i/CLKOUT2                     | pcie_0/U0/inst/gt_top_i/pipe_wrapper_i/pipe_clock_int.pipe_clock_i/userclk1        |
| src2  | g6     | BSCANE2/DRCK           | None               | BSCAN_X0Y0         | X0Y2         |           0 |               1 |              30.000 | dbg_hub/inst/N_EXT_BSCAN.bscan_inst/SERIES7_BSCAN.bscan_inst/DRCK   | dbg_hub/inst/N_EXT_BSCAN.bscan_inst/SERIES7_BSCAN.bscan_inst/DRCK                                     | dbg_hub/inst/N_EXT_BSCAN.bscan_inst/DRCK                                           |
| src2  | g11    | BSCANE2/UPDATE         | None               | BSCAN_X0Y0         | X0Y2         |           0 |               1 |              60.000 | dbg_hub/inst/N_EXT_BSCAN.bscan_inst/SERIES7_BSCAN.bscan_inst/UPDATE | dbg_hub/inst/N_EXT_BSCAN.bscan_inst/SERIES7_BSCAN.bscan_inst/UPDATE                                   | dbg_hub/inst/N_EXT_BSCAN.bscan_inst/UPDATE                                         |
| src3  | g7     | IBUFDS_GTE2/O          | IBUFDS_GTE2_X0Y2   | IBUFDS_GTE2_X0Y2   | X1Y4         |           5 |               1 |              10.000 | pcie_clk                                                            | refclk_ibuf/O                                                                                         | sys_clk                                                                            |
| src4  | g12    | GTXE2_CHANNEL/TXOUTCLK | GTXE2_CHANNEL_X0Y7 | GTXE2_CHANNEL_X0Y7 | X1Y4         |           0 |               1 |              10.000 | txoutclk_x0y0                                                       | pcie_0/U0/inst/gt_top_i/pipe_wrapper_i/pipe_lane[0].gt_wrapper_i/gtx_channel.gtxe2_channel_i/TXOUTCLK | pcie_0/U0/inst/gt_top_i/pipe_wrapper_i/pipe_lane[0].gt_wrapper_i/pipe_txoutclk_out |
+-------+--------+------------------------+--------------------+--------------------+--------------+-------------+-----------------+---------------------+---------------------------------------------------------------------+-------------------------------------------------------------------------------------------------------+------------------------------------------------------------------------------------+
* Note: Multiple constraint types applied to the driver. Please check for potential conflicts.


4. Local Clock Details
----------------------

+-------+---------------------------+------------+--------------------------------+--------------+-------------+-----------------+--------------+-------+---------------------------------------------------------------------------------------------------------------------------------------------------------------+------------------------------------------------------------------------------------------------------------------------------------------+
| LocId | Driver Type/Pin           | Constraint | Site/BEL                       | Clock Region | Clock Loads | Non-Clock Loads | Clock Period | Clock | Driver Pin                                                                                                                                                    | Net                                                                                                                                      |
+-------+---------------------------+------------+--------------------------------+--------------+-------------+-----------------+--------------+-------+---------------------------------------------------------------------------------------------------------------------------------------------------------------+------------------------------------------------------------------------------------------------------------------------------------------+
| 0     | GTXE2_COMMON/QPLLOUTCLK   | None       | GTXE2_COMMON_X0Y1/GTXE2_COMMON | X1Y4         |           4 |               0 |              |       | pcie_0/U0/inst/gt_top_i/pipe_wrapper_i/pipe_lane[0].pipe_quad.gt_common_enabled.gt_common_int.gt_common_i/qpll_wrapper_i/gtx_common.gtxe2_common_i/QPLLOUTCLK | pcie_0/U0/inst/gt_top_i/pipe_wrapper_i/pipe_lane[0].pipe_quad.gt_common_enabled.gt_common_int.gt_common_i/qpll_wrapper_i/QPLL_QPLLOUTCLK |
| 1     | PCIE_2_1/CFGINTERRUPTRDYN | PCIE_X0Y0  | PCIE_X0Y0/PCIE_2_1             | X1Y3         |           1 |               1 |              |       | pcie_0/U0/inst/pcie_top_i/pcie_7x_i/pcie_block_i/CFGINTERRUPTRDYN                                                                                             | pcie_0/U0/inst/pcie_top_i/pcie_7x_i/cfg_interrupt_rdy_n                                                                                  |
+-------+---------------------------+------------+--------------------------------+--------------+-------------+-----------------+--------------+-------+---------------------------------------------------------------------------------------------------------------------------------------------------------------+------------------------------------------------------------------------------------------------------------------------------------------+
* Note: Multiple constraint types applied to the driver. Please check for potential conflicts.


5. Clock Regions: Key Resource Utilization
------------------------------------------

+-------------------+--------------+--------------+--------------+--------------+--------------+--------------+--------------+--------------+--------------+--------------+--------------+--------------+--------------+--------------+--------------+
|                   | Global Clock |     BUFRs    |    BUFMRs    |    BUFIOs    |     MMCM     |      PLL     |      GT      |      PCI     |    ILOGIC    |    OLOGIC    |      FF      |     LUTM     |    RAMB18    |    RAMB36    |    DSP48E2   |
+-------------------+------+-------+------+-------+------+-------+------+-------+------+-------+------+-------+------+-------+------+-------+------+-------+------+-------+------+-------+------+-------+------+-------+------+-------+------+-------+
| Clock Region Name | Used | Avail | Used | Avail | Used | Avail | Used | Avail | Used | Avail | Used | Avail | Used | Avail | Used | Avail | Used | Avail | Used | Avail | Used | Avail | Used | Avail | Used | Avail | Used | Avail | Used | Avail |
+-------------------+------+-------+------+-------+------+-------+------+-------+------+-------+------+-------+------+-------+------+-------+------+-------+------+-------+------+-------+------+-------+------+-------+------+-------+------+-------+
| X0Y0              |    5 |    12 |    0 |     4 |    0 |     2 |    0 |     4 |    0 |     1 |    0 |     1 |    0 |     0 |    0 |     0 |    1 |    50 |    3 |    50 |   34 | 22400 |    1 |  3400 |    0 |     0 |   30 |    30 |    0 |    60 |
| X1Y0              |    1 |    12 |    0 |     4 |    0 |     2 |    0 |     4 |    0 |     1 |    0 |     1 |    0 |     0 |    0 |     0 |    0 |    50 |    0 |    50 |   34 | 21600 |    1 |  3800 |    0 |     0 |   39 |    40 |    0 |    60 |
| X0Y1              |    5 |    12 |    0 |     4 |    0 |     2 |    0 |     4 |    0 |     1 |    0 |     1 |    0 |     0 |    0 |     0 |    2 |    50 |    2 |    50 |   85 | 22400 |    4 |  3400 |    0 |     0 |   30 |    30 |    0 |    60 |
| X1Y1              |    2 |    12 |    0 |     4 |    0 |     2 |    0 |     4 |    0 |     1 |    0 |     1 |    0 |     0 |    0 |     0 |    0 |    50 |    0 |    50 |  114 | 21600 |    1 |  3800 |    0 |     0 |   40 |    40 |    0 |    60 |
| X0Y2              |    6 |    12 |    0 |     4 |    0 |     2 |    0 |     4 |    1 |     1 |    0 |     1 |    0 |     0 |    0 |     0 |    1 |    50 |    0 |    50 | 2911 | 17600 |  299 |  3400 |    0 |     0 |   29 |    30 |    0 |    60 |
| X1Y2              |    4 |    12 |    0 |     4 |    0 |     2 |    0 |     4 |    0 |     1 |    0 |     1 |    0 |     0 |    0 |     0 |    0 |    50 |    0 |    50 | 3463 | 21600 |  464 |  3800 |    0 |     0 |   39 |    40 |    0 |    60 |
| X0Y3              |    4 |    12 |    0 |     4 |    0 |     2 |    0 |     4 |    0 |     1 |    0 |     1 |    0 |     0 |    0 |     0 |    3 |    50 |    2 |    50 | 2471 | 17600 |  123 |  3400 |    0 |     0 |   28 |    30 |    0 |    60 |
| X1Y3              |    5 |    12 |    0 |     0 |    0 |     0 |    0 |     0 |    0 |     0 |    0 |     0 |    0 |     5 |    0 |     0 |    0 |     0 |    0 |     0 | 2701 | 17200 |   86 |  3200 |    0 |     0 |   24 |    25 |    0 |    60 |
| X0Y4              |    6 |    12 |    0 |     4 |    0 |     2 |    0 |     4 |    1 |     1 |    0 |     1 |    0 |     0 |    0 |     0 |    1 |    50 |    9 |    50 |  213 | 22400 |   19 |  3400 |    0 |     0 |   30 |    30 |    0 |    60 |
| X1Y4              |    5 |    12 |    0 |     0 |    0 |     0 |    0 |     0 |    0 |     0 |    0 |     0 |    5 |     5 |    0 |     0 |    0 |     0 |    0 |     0 | 1193 | 18400 |   52 |  3400 |    0 |     0 |   30 |    30 |    0 |    60 |
+-------------------+------+-------+------+-------+------+-------+------+-------+------+-------+------+-------+------+-------+------+-------+------+-------+------+-------+------+-------+------+-------+------+-------+------+-------+------+-------+
* Used Global Clocks includes only global clock resources based on load placement but does not consider global clock resources used to traverse a clock region. Therefore the actual total of Used Global Clocks may be higher.
** RAMB36 site can be used as two RAMB18/FIFO18 sites.


6. Clock Regions : Global Clock Summary
---------------------------------------

+----+----+----+
|    | X0 | X1 |
+----+----+----+
| Y4 |  6 |  5 |
| Y3 |  4 |  5 |
| Y2 |  6 |  4 |
| Y1 |  5 |  2 |
| Y0 |  5 |  1 |
+----+----+----+
* Used Global Clocks includes only global clock resources based on load placement but does not consider global clock resources used to traverse a clock region. Therefore the actual total of Used Global Clocks may be higher.


7. Cell Type Counts per Global Clock: Region X0Y0
-------------------------------------------------

+-------+-------+-----------------+------------+-------------+-----------------+----+--------+------+-----+----+------+-----+---------+----------------------------------+
| GlbID | Track | Driver Type/Pin | Constraint | Clock Loads | Non-Clock Loads | FF | LUTRAM | RAMB | DSP | GT | MMCM | PLL | Hard IP | Net                              |
+-------+-------+-----------------+------------+-------------+-----------------+----+--------+------+-----+----+------+-----+---------+----------------------------------+
| g0    | n/a   | BUFG/O          | None       |           0 |              64 | 34 |      1 |   30 |   0 |  0 |    0 |   0 |       0 | app_0/clk_gen_cmp/inst/clk_250   |
| g1    | n/a   | BUFG/O          | None       |           0 |               1 |  0 |      0 |    0 |   0 |  0 |    0 |   0 |       0 | app_0/clk_gen_cmp/inst/clk_160   |
| g2    | n/a   | BUFG/O          | None       |           0 |               1 |  0 |      0 |    0 |   0 |  0 |    0 |   0 |       0 | app_0/clk_gen_cmp/inst/clk_40    |
| g8    | n/a   | BUFG/O          | None       |           0 |               2 |  0 |      0 |    0 |   0 |  0 |    0 |   0 |       0 | app_0/clk_gen_cmp/inst/clk_40_90 |
| g9    | n/a   | BUFG/O          | None       |           0 |               1 |  0 |      0 |    0 |   0 |  0 |    0 |   0 |       0 | app_0/clk_gen_cmp/inst/clk_640   |
+-------+-------+-----------------+------------+-------------+-----------------+----+--------+------+-----+----+------+-----+---------+----------------------------------+
* Note: Multiple constraint types applied to the driver. Please check for potential conflicts.


8. Cell Type Counts per Global Clock: Region X1Y0
-------------------------------------------------

+-------+-------+-----------------+------------+-------------+-----------------+----+--------+------+-----+----+------+-----+---------+--------------------------------+
| GlbID | Track | Driver Type/Pin | Constraint | Clock Loads | Non-Clock Loads | FF | LUTRAM | RAMB | DSP | GT | MMCM | PLL | Hard IP | Net                            |
+-------+-------+-----------------+------------+-------------+-----------------+----+--------+------+-----+----+------+-----+---------+--------------------------------+
| g0    | n/a   | BUFG/O          | None       |           0 |              73 | 34 |      1 |   39 |   0 |  0 |    0 |   0 |       0 | app_0/clk_gen_cmp/inst/clk_250 |
+-------+-------+-----------------+------------+-------------+-----------------+----+--------+------+-----+----+------+-----+---------+--------------------------------+
* Note: Multiple constraint types applied to the driver. Please check for potential conflicts.


9. Cell Type Counts per Global Clock: Region X0Y1
-------------------------------------------------

+-------+-------+-----------------+------------+-------------+-----------------+----+--------+------+-----+----+------+-----+---------+----------------------------------+
| GlbID | Track | Driver Type/Pin | Constraint | Clock Loads | Non-Clock Loads | FF | LUTRAM | RAMB | DSP | GT | MMCM | PLL | Hard IP | Net                              |
+-------+-------+-----------------+------------+-------------+-----------------+----+--------+------+-----+----+------+-----+---------+----------------------------------+
| g0    | n/a   | BUFG/O          | None       |           0 |             114 | 84 |      3 |   30 |   0 |  0 |    0 |   0 |       0 | app_0/clk_gen_cmp/inst/clk_250   |
| g1    | n/a   | BUFG/O          | None       |           0 |               3 |  1 |      1 |    0 |   0 |  0 |    0 |   0 |       0 | app_0/clk_gen_cmp/inst/clk_160   |
| g2    | n/a   | BUFG/O          | None       |           0 |               1 |  0 |      0 |    0 |   0 |  0 |    0 |   0 |       0 | app_0/clk_gen_cmp/inst/clk_40    |
| g8    | n/a   | BUFG/O          | None       |           0 |               1 |  0 |      0 |    0 |   0 |  0 |    0 |   0 |       0 | app_0/clk_gen_cmp/inst/clk_40_90 |
| g9    | n/a   | BUFG/O          | None       |           0 |               2 |  0 |      0 |    0 |   0 |  0 |    0 |   0 |       0 | app_0/clk_gen_cmp/inst/clk_640   |
+-------+-------+-----------------+------------+-------------+-----------------+----+--------+------+-----+----+------+-----+---------+----------------------------------+
* Note: Multiple constraint types applied to the driver. Please check for potential conflicts.


10. Cell Type Counts per Global Clock: Region X1Y1
--------------------------------------------------

+-------+-------+-----------------+------------+-------------+-----------------+----+--------+------+-----+----+------+-----+---------+--------------------------------+
| GlbID | Track | Driver Type/Pin | Constraint | Clock Loads | Non-Clock Loads | FF | LUTRAM | RAMB | DSP | GT | MMCM | PLL | Hard IP | Net                            |
+-------+-------+-----------------+------------+-------------+-----------------+----+--------+------+-----+----+------+-----+---------+--------------------------------+
| g0    | n/a   | BUFG/O          | None       |           0 |             126 | 86 |      1 |   40 |   0 |  0 |    0 |   0 |       0 | app_0/clk_gen_cmp/inst/clk_250 |
| g2    | n/a   | BUFG/O          | None       |           0 |              28 | 28 |      0 |    0 |   0 |  0 |    0 |   0 |       0 | app_0/clk_gen_cmp/inst/clk_40  |
+-------+-------+-----------------+------------+-------------+-----------------+----+--------+------+-----+----+------+-----+---------+--------------------------------+
* Note: Multiple constraint types applied to the driver. Please check for potential conflicts.


11. Cell Type Counts per Global Clock: Region X0Y2
--------------------------------------------------

+-------+-------+-----------------+------------+-------------+-----------------+------+--------+------+-----+----+------+-----+---------+-------------------------------------------------------------------------------------+
| GlbID | Track | Driver Type/Pin | Constraint | Clock Loads | Non-Clock Loads | FF   | LUTRAM | RAMB | DSP | GT | MMCM | PLL | Hard IP | Net                                                                                 |
+-------+-------+-----------------+------------+-------------+-----------------+------+--------+------+-----+----+------+-----+---------+-------------------------------------------------------------------------------------+
| g0    | n/a   | BUFG/O          | None       |           0 |            2366 | 2337 |    267 |   29 |   0 |  0 |    0 |   0 |       0 | app_0/clk_gen_cmp/inst/clk_250                                                      |
| g1    | n/a   | BUFG/O          | None       |           0 |             585 |  580 |     38 |    3 |   0 |  0 |    0 |   0 |       0 | app_0/clk_gen_cmp/inst/clk_160                                                      |
| g5    | n/a   | BUFG/O          | None       |           1 |               0 |    0 |      0 |    0 |   0 |  0 |    1 |   0 |       0 | pcie_0/U0/inst/gt_top_i/pipe_wrapper_i/pipe_clock_int.pipe_clock_i/INT_USERCLK1_OUT |
| g6    | n/a   | BUFG/O          | None       |           0 |               1 |    1 |      1 |    0 |   0 |  0 |    0 |   0 |       0 | dbg_hub/inst/idrck                                                                  |
| g9    | n/a   | BUFG/O          | None       |           0 |               1 |    0 |      0 |    0 |   0 |  0 |    0 |   0 |       0 | app_0/clk_gen_cmp/inst/clk_640                                                      |
| g10   | n/a   | BUFG/O          | None       |           1 |               0 |    0 |      0 |    0 |   0 |  0 |    1 |   0 |       0 | app_0/clk_gen_cmp/inst/clkfbout_buf_clk_gen                                         |
+-------+-------+-----------------+------------+-------------+-----------------+------+--------+------+-----+----+------+-----+---------+-------------------------------------------------------------------------------------+
* Note: Multiple constraint types applied to the driver. Please check for potential conflicts.


12. Cell Type Counts per Global Clock: Region X1Y2
--------------------------------------------------

+-------+-------+-----------------+------------+-------------+-----------------+------+--------+------+-----+----+------+-----+---------+-------------------------------------------------------------------------------------+
| GlbID | Track | Driver Type/Pin | Constraint | Clock Loads | Non-Clock Loads | FF   | LUTRAM | RAMB | DSP | GT | MMCM | PLL | Hard IP | Net                                                                                 |
+-------+-------+-----------------+------------+-------------+-----------------+------+--------+------+-----+----+------+-----+---------+-------------------------------------------------------------------------------------+
| g0    | n/a   | BUFG/O          | None       |           0 |            3232 | 3192 |    442 |   39 |   0 |  0 |    0 |   0 |       0 | app_0/clk_gen_cmp/inst/clk_250                                                      |
| g5    | n/a   | BUFG/O          | None       |           0 |              79 |   76 |      5 |    3 |   0 |  0 |    0 |   0 |       0 | pcie_0/U0/inst/gt_top_i/pipe_wrapper_i/pipe_clock_int.pipe_clock_i/INT_USERCLK1_OUT |
| g6    | n/a   | BUFG/O          | None       |           0 |             199 |  199 |     22 |    0 |   0 |  0 |    0 |   0 |       0 | dbg_hub/inst/idrck                                                                  |
| g11   | n/a   | BUFG/O          | None       |           0 |               1 |    1 |      0 |    0 |   0 |  0 |    0 |   0 |       0 | dbg_hub/inst/UPDATE_temp                                                            |
+-------+-------+-----------------+------------+-------------+-----------------+------+--------+------+-----+----+------+-----+---------+-------------------------------------------------------------------------------------+
* Note: Multiple constraint types applied to the driver. Please check for potential conflicts.


13. Cell Type Counts per Global Clock: Region X0Y3
--------------------------------------------------

+-------+-------+-----------------+------------+-------------+-----------------+------+--------+------+-----+----+------+-----+---------+--------------------------------+
| GlbID | Track | Driver Type/Pin | Constraint | Clock Loads | Non-Clock Loads | FF   | LUTRAM | RAMB | DSP | GT | MMCM | PLL | Hard IP | Net                            |
+-------+-------+-----------------+------------+-------------+-----------------+------+--------+------+-----+----+------+-----+---------+--------------------------------+
| g0    | n/a   | BUFG/O          | None       |           0 |            1496 | 1468 |     83 |   28 |   0 |  0 |    0 |   0 |       0 | app_0/clk_gen_cmp/inst/clk_250 |
| g1    | n/a   | BUFG/O          | None       |           0 |             605 |  596 |     27 |    5 |   0 |  0 |    0 |   0 |       0 | app_0/clk_gen_cmp/inst/clk_160 |
| g2    | n/a   | BUFG/O          | None       |           0 |             424 |  419 |     25 |    3 |   0 |  0 |    0 |   0 |       0 | app_0/clk_gen_cmp/inst/clk_40  |
| g9    | n/a   | BUFG/O          | None       |           0 |               3 |    0 |      0 |    0 |   0 |  0 |    0 |   0 |       0 | app_0/clk_gen_cmp/inst/clk_640 |
+-------+-------+-----------------+------------+-------------+-----------------+------+--------+------+-----+----+------+-----+---------+--------------------------------+
* Note: Multiple constraint types applied to the driver. Please check for potential conflicts.


14. Cell Type Counts per Global Clock: Region X1Y3
--------------------------------------------------

+-------+-------+-----------------+------------+-------------+-----------------+------+--------+------+-----+----+------+-----+---------+--------------------------------------------------------------------------------------+
| GlbID | Track | Driver Type/Pin | Constraint | Clock Loads | Non-Clock Loads | FF   | LUTRAM | RAMB | DSP | GT | MMCM | PLL | Hard IP | Net                                                                                  |
+-------+-------+-----------------+------------+-------------+-----------------+------+--------+------+-----+----+------+-----+---------+--------------------------------------------------------------------------------------+
| g0    | n/a   | BUFG/O          | None       |           0 |            1747 | 1729 |     42 |   17 |   0 |  0 |    0 |   0 |       0 | app_0/clk_gen_cmp/inst/clk_250                                                       |
| g2    | n/a   | BUFG/O          | None       |           0 |             563 |  561 |     25 |    2 |   0 |  0 |    0 |   0 |       0 | app_0/clk_gen_cmp/inst/clk_40                                                        |
| g3    | n/a   | BUFGCTRL/O      | None       |           0 |             102 |  101 |      9 |    0 |   0 |  0 |    0 |   0 |       1 | pcie_0/U0/inst/gt_top_i/pipe_wrapper_i/pipe_clock_int.pipe_clock_i/CLK               |
| g5    | n/a   | BUFG/O          | None       |           0 |             300 |  288 |     15 |   11 |   0 |  0 |    0 |   0 |       1 | pcie_0/U0/inst/gt_top_i/pipe_wrapper_i/pipe_clock_int.pipe_clock_i/INT_USERCLK1_OUT  |
| g4    | n/a   | BUFG/O          | None       |           0 |              27 |   27 |      1 |    0 |   0 |  0 |    0 |   0 |       0 | pcie_0/U0/inst/gt_top_i/pipe_wrapper_i/pipe_clock_int.pipe_clock_i/dclk_rst_reg2_reg |
+-------+-------+-----------------+------------+-------------+-----------------+------+--------+------+-----+----+------+-----+---------+--------------------------------------------------------------------------------------+
* Note: Multiple constraint types applied to the driver. Please check for potential conflicts.


15. Cell Type Counts per Global Clock: Region X0Y4
--------------------------------------------------

+-------+-------+-----------------+------------+-------------+-----------------+-----+--------+------+-----+----+------+-----+---------+---------------------------------------------------------------------------+
| GlbID | Track | Driver Type/Pin | Constraint | Clock Loads | Non-Clock Loads | FF  | LUTRAM | RAMB | DSP | GT | MMCM | PLL | Hard IP | Net                                                                       |
+-------+-------+-----------------+------------+-------------+-----------------+-----+--------+------+-----+----+------+-----+---------+---------------------------------------------------------------------------+
| g0    | n/a   | BUFG/O          | None       |           0 |             106 |  76 |      5 |   30 |   0 |  0 |    0 |   0 |       0 | app_0/clk_gen_cmp/inst/clk_250                                            |
| g1    | n/a   | BUFG/O          | None       |           0 |               3 |   0 |      0 |    2 |   0 |  0 |    0 |   0 |       0 | app_0/clk_gen_cmp/inst/clk_160                                            |
| g2    | n/a   | BUFG/O          | None       |           0 |             143 | 138 |     15 |    1 |   0 |  0 |    0 |   0 |       0 | app_0/clk_gen_cmp/inst/clk_40                                             |
| g8    | n/a   | BUFG/O          | None       |           0 |               5 |   0 |      0 |    0 |   0 |  0 |    0 |   0 |       0 | app_0/clk_gen_cmp/inst/clk_40_90                                          |
| g9    | n/a   | BUFG/O          | None       |           0 |               1 |   0 |      0 |    0 |   0 |  0 |    0 |   0 |       0 | app_0/clk_gen_cmp/inst/clk_640                                            |
| g12   | n/a   | BUFG/O          | None       |           1 |               0 |   0 |      0 |    0 |   0 |  0 |    1 |   0 |       0 | pcie_0/U0/inst/gt_top_i/pipe_wrapper_i/pipe_clock_int.pipe_clock_i/refclk |
+-------+-------+-----------------+------------+-------------+-----------------+-----+--------+------+-----+----+------+-----+---------+---------------------------------------------------------------------------+
* Note: Multiple constraint types applied to the driver. Please check for potential conflicts.


16. Cell Type Counts per Global Clock: Region X1Y4
--------------------------------------------------

+-------+-------+-----------------+------------+-------------+-----------------+-----+--------+------+-----+----+------+-----+---------+--------------------------------------------------------------------------------------+
| GlbID | Track | Driver Type/Pin | Constraint | Clock Loads | Non-Clock Loads | FF  | LUTRAM | RAMB | DSP | GT | MMCM | PLL | Hard IP | Net                                                                                  |
+-------+-------+-----------------+------------+-------------+-----------------+-----+--------+------+-----+----+------+-----+---------+--------------------------------------------------------------------------------------+
| g0    | n/a   | BUFG/O          | None       |           0 |              44 |  14 |      4 |   30 |   0 |  0 |    0 |   0 |       0 | app_0/clk_gen_cmp/inst/clk_250                                                       |
| g2    | n/a   | BUFG/O          | None       |           0 |             125 | 123 |     11 |    2 |   0 |  0 |    0 |   0 |       0 | app_0/clk_gen_cmp/inst/clk_40                                                        |
| g3    | n/a   | BUFGCTRL/O      | None       |           0 |             803 | 799 |     29 |    0 |   0 |  4 |    0 |   0 |       0 | pcie_0/U0/inst/gt_top_i/pipe_wrapper_i/pipe_clock_int.pipe_clock_i/CLK               |
| g4    | n/a   | BUFG/O          | None       |           0 |             260 | 255 |      6 |    0 |   0 |  5 |    0 |   0 |       0 | pcie_0/U0/inst/gt_top_i/pipe_wrapper_i/pipe_clock_int.pipe_clock_i/dclk_rst_reg2_reg |
| g7    | n/a   | BUFG/O          | None       |           0 |               4 |   4 |      4 |    0 |   0 |  0 |    0 |   0 |       0 | pcie_0/U0/inst/gt_top_i/pipe_wrapper_i/gt_cpllpdrefclk                               |
+-------+-------+-----------------+------------+-------------+-----------------+-----+--------+------+-----+----+------+-----+---------+--------------------------------------------------------------------------------------+
* Note: Multiple constraint types applied to the driver. Please check for potential conflicts.


17. Load Cell Placement Summary for Global Clock g0
---------------------------------------------------

+-------+-----------------+-------------------+-----------------+-------------+---------------+----------+-------------+----------+-------------+----+--------------------------------+
| GlbID | Driver Type/Pin | Driver Region (D) | Clock           | Period (ns) | Waveform (ns) | Root (R) | Slice Loads | IO Loads | Clock Loads | GT | Net                            |
+-------+-----------------+-------------------+-----------------+-------------+---------------+----------+-------------+----------+-------------+----+--------------------------------+
| g0    | BUFG/O          | n/a               | clk_250_clk_gen |       4.000 | {0.000 2.000} |          |        9368 |        0 |           0 |  0 | app_0/clk_gen_cmp/inst/clk_250 |
+-------+-----------------+-------------------+-----------------+-------------+---------------+----------+-------------+----------+-------------+----+--------------------------------+


+----+-------+-------+
|    | X0    | X1    |
+----+-------+-------+
| Y4 |   106 |    44 |
| Y3 |  1496 |  1747 |
| Y2 |  2366 |  3232 |
| Y1 |   114 |   126 |
| Y0 |    64 |    73 |
+----+-------+-------+


18. Load Cell Placement Summary for Global Clock g1
---------------------------------------------------

+-------+-----------------+-------------------+-----------------+-------------+---------------+----------+-------------+----------+-------------+----+--------------------------------+
| GlbID | Driver Type/Pin | Driver Region (D) | Clock           | Period (ns) | Waveform (ns) | Root (R) | Slice Loads | IO Loads | Clock Loads | GT | Net                            |
+-------+-----------------+-------------------+-----------------+-------------+---------------+----------+-------------+----------+-------------+----+--------------------------------+
| g1    | BUFG/O          | n/a               | clk_160_clk_gen |       6.400 | {0.000 3.200} |          |        1189 |        8 |           0 |  0 | app_0/clk_gen_cmp/inst/clk_160 |
+-------+-----------------+-------------------+-----------------+-------------+---------------+----------+-------------+----------+-------------+----+--------------------------------+


+----+------+----+
|    | X0   | X1 |
+----+------+----+
| Y4 |    3 |  0 |
| Y3 |  605 |  0 |
| Y2 |  585 |  0 |
| Y1 |    3 |  0 |
| Y0 |    1 |  0 |
+----+------+----+


19. Load Cell Placement Summary for Global Clock g2
---------------------------------------------------

+-------+-----------------+-------------------+----------------+-------------+----------------+----------+-------------+----------+-------------+----+-------------------------------+
| GlbID | Driver Type/Pin | Driver Region (D) | Clock          | Period (ns) | Waveform (ns)  | Root (R) | Slice Loads | IO Loads | Clock Loads | GT | Net                           |
+-------+-----------------+-------------------+----------------+-------------+----------------+----------+-------------+----------+-------------+----+-------------------------------+
| g2    | BUFG/O          | n/a               | clk_40_clk_gen |      25.600 | {0.000 12.800} |          |        1285 |        0 |           0 |  0 | app_0/clk_gen_cmp/inst/clk_40 |
+-------+-----------------+-------------------+----------------+-------------+----------------+----------+-------------+----------+-------------+----+-------------------------------+


+----+------+------+
|    | X0   | X1   |
+----+------+------+
| Y4 |  143 |  125 |
| Y3 |  424 |  563 |
| Y2 |    0 |    0 |
| Y1 |    1 |   28 |
| Y0 |    1 |    0 |
+----+------+------+


20. Load Cell Placement Summary for Global Clock g3
---------------------------------------------------

+-------+-----------------+-------------------+----------+-------------+---------------+----------+-------------+----------+-------------+----+------------------------------------------------------------------------+
| GlbID | Driver Type/Pin | Driver Region (D) | Clock    | Period (ns) | Waveform (ns) | Root (R) | Slice Loads | IO Loads | Clock Loads | GT | Net                                                                    |
+-------+-----------------+-------------------+----------+-------------+---------------+----------+-------------+----------+-------------+----+------------------------------------------------------------------------+
| g3    | BUFGCTRL/O      | n/a               | Multiple |       4.000 | {0.000 2.000} |          |         901 |        0 |           0 |  4 | pcie_0/U0/inst/gt_top_i/pipe_wrapper_i/pipe_clock_int.pipe_clock_i/CLK |
+-------+-----------------+-------------------+----------+-------------+---------------+----------+-------------+----------+-------------+----+------------------------------------------------------------------------+


+----+----+------+
|    | X0 | X1   |
+----+----+------+
| Y4 |  0 |  803 |
| Y3 |  0 |  102 |
| Y2 |  0 |    0 |
| Y1 |  0 |    0 |
| Y0 |  0 |    0 |
+----+----+------+


21. Load Cell Placement Summary for Global Clock g5
---------------------------------------------------

+-------+-----------------+-------------------+----------+-------------+---------------+----------+-------------+----------+-------------+----+-------------------------------------------------------------------------------------+
| GlbID | Driver Type/Pin | Driver Region (D) | Clock    | Period (ns) | Waveform (ns) | Root (R) | Slice Loads | IO Loads | Clock Loads | GT | Net                                                                                 |
+-------+-----------------+-------------------+----------+-------------+---------------+----------+-------------+----------+-------------+----+-------------------------------------------------------------------------------------+
| g5    | BUFG/O          | n/a               | userclk1 |       4.000 | {0.000 2.000} |          |         379 |        0 |           1 |  0 | pcie_0/U0/inst/gt_top_i/pipe_wrapper_i/pipe_clock_int.pipe_clock_i/INT_USERCLK1_OUT |
+-------+-----------------+-------------------+----------+-------------+---------------+----------+-------------+----------+-------------+----+-------------------------------------------------------------------------------------+


+----+----+------+
|    | X0 | X1   |
+----+----+------+
| Y4 |  0 |    0 |
| Y3 |  0 |  300 |
| Y2 |  1 |   79 |
| Y1 |  0 |    0 |
| Y0 |  0 |    0 |
+----+----+------+


22. Load Cell Placement Summary for Global Clock g4
---------------------------------------------------

+-------+-----------------+-------------------+-----------------+-------------+---------------+----------+-------------+----------+-------------+----+--------------------------------------------------------------------------------------+
| GlbID | Driver Type/Pin | Driver Region (D) | Clock           | Period (ns) | Waveform (ns) | Root (R) | Slice Loads | IO Loads | Clock Loads | GT | Net                                                                                  |
+-------+-----------------+-------------------+-----------------+-------------+---------------+----------+-------------+----------+-------------+----+--------------------------------------------------------------------------------------+
| g4    | BUFG/O          | n/a               | clk_125mhz_x0y0 |       8.000 | {0.000 4.000} |          |         282 |        0 |           0 |  5 | pcie_0/U0/inst/gt_top_i/pipe_wrapper_i/pipe_clock_int.pipe_clock_i/dclk_rst_reg2_reg |
+-------+-----------------+-------------------+-----------------+-------------+---------------+----------+-------------+----------+-------------+----+--------------------------------------------------------------------------------------+


+----+----+------+
|    | X0 | X1   |
+----+----+------+
| Y4 |  0 |  260 |
| Y3 |  0 |   27 |
| Y2 |  0 |    0 |
| Y1 |  0 |    0 |
| Y0 |  0 |    0 |
+----+----+------+


23. Load Cell Placement Summary for Global Clock g6
---------------------------------------------------

+-------+-----------------+-------------------+-------------------------------------------------------------------+-------------+----------------+----------+-------------+----------+-------------+----+--------------------+
| GlbID | Driver Type/Pin | Driver Region (D) | Clock                                                             | Period (ns) | Waveform (ns)  | Root (R) | Slice Loads | IO Loads | Clock Loads | GT | Net                |
+-------+-----------------+-------------------+-------------------------------------------------------------------+-------------+----------------+----------+-------------+----------+-------------+----+--------------------+
| g6    | BUFG/O          | n/a               | dbg_hub/inst/N_EXT_BSCAN.bscan_inst/SERIES7_BSCAN.bscan_inst/DRCK |      30.000 | {0.000 15.000} |          |         200 |        0 |           0 |  0 | dbg_hub/inst/idrck |
+-------+-----------------+-------------------+-------------------------------------------------------------------+-------------+----------------+----------+-------------+----------+-------------+----+--------------------+


+----+----+------+
|    | X0 | X1   |
+----+----+------+
| Y4 |  0 |    0 |
| Y3 |  0 |    0 |
| Y2 |  1 |  199 |
| Y1 |  0 |    0 |
| Y0 |  0 |    0 |
+----+----+------+


24. Load Cell Placement Summary for Global Clock g7
---------------------------------------------------

+-------+-----------------+-------------------+----------+-------------+---------------+----------+-------------+----------+-------------+----+--------------------------------------------------------+
| GlbID | Driver Type/Pin | Driver Region (D) | Clock    | Period (ns) | Waveform (ns) | Root (R) | Slice Loads | IO Loads | Clock Loads | GT | Net                                                    |
+-------+-----------------+-------------------+----------+-------------+---------------+----------+-------------+----------+-------------+----+--------------------------------------------------------+
| g7    | BUFG/O          | n/a               | pcie_clk |      10.000 | {0.000 5.000} |          |           4 |        0 |           0 |  0 | pcie_0/U0/inst/gt_top_i/pipe_wrapper_i/gt_cpllpdrefclk |
+-------+-----------------+-------------------+----------+-------------+---------------+----------+-------------+----------+-------------+----+--------------------------------------------------------+


+----+----+----+
|    | X0 | X1 |
+----+----+----+
| Y4 |  0 |  4 |
| Y3 |  0 |  0 |
| Y2 |  0 |  0 |
| Y1 |  0 |  0 |
| Y0 |  0 |  0 |
+----+----+----+


25. Load Cell Placement Summary for Global Clock g8
---------------------------------------------------

+-------+-----------------+-------------------+-------------------+-------------+----------------+----------+-------------+----------+-------------+----+----------------------------------+
| GlbID | Driver Type/Pin | Driver Region (D) | Clock             | Period (ns) | Waveform (ns)  | Root (R) | Slice Loads | IO Loads | Clock Loads | GT | Net                              |
+-------+-----------------+-------------------+-------------------+-------------+----------------+----------+-------------+----------+-------------+----+----------------------------------+
| g8    | BUFG/O          | n/a               | clk_40_90_clk_gen |      25.600 | {6.400 19.200} |          |           8 |        0 |           0 |  0 | app_0/clk_gen_cmp/inst/clk_40_90 |
+-------+-----------------+-------------------+-------------------+-------------+----------------+----------+-------------+----------+-------------+----+----------------------------------+


+----+----+----+
|    | X0 | X1 |
+----+----+----+
| Y4 |  5 |  0 |
| Y3 |  0 |  0 |
| Y2 |  0 |  0 |
| Y1 |  1 |  0 |
| Y0 |  2 |  0 |
+----+----+----+


26. Load Cell Placement Summary for Global Clock g9
---------------------------------------------------

+-------+-----------------+-------------------+-----------------+-------------+---------------+----------+-------------+----------+-------------+----+--------------------------------+
| GlbID | Driver Type/Pin | Driver Region (D) | Clock           | Period (ns) | Waveform (ns) | Root (R) | Slice Loads | IO Loads | Clock Loads | GT | Net                            |
+-------+-----------------+-------------------+-----------------+-------------+---------------+----------+-------------+----------+-------------+----+--------------------------------+
| g9    | BUFG/O          | n/a               | clk_640_clk_gen |       1.600 | {0.000 0.800} |          |           0 |        8 |           0 |  0 | app_0/clk_gen_cmp/inst/clk_640 |
+-------+-----------------+-------------------+-----------------+-------------+---------------+----------+-------------+----------+-------------+----+--------------------------------+


+----+----+----+
|    | X0 | X1 |
+----+----+----+
| Y4 |  1 |  0 |
| Y3 |  3 |  0 |
| Y2 |  1 |  0 |
| Y1 |  2 |  0 |
| Y0 |  1 |  0 |
+----+----+----+


27. Load Cell Placement Summary for Global Clock g10
----------------------------------------------------

+-------+-----------------+-------------------+------------------+-------------+---------------+----------+-------------+----------+-------------+----+---------------------------------------------+
| GlbID | Driver Type/Pin | Driver Region (D) | Clock            | Period (ns) | Waveform (ns) | Root (R) | Slice Loads | IO Loads | Clock Loads | GT | Net                                         |
+-------+-----------------+-------------------+------------------+-------------+---------------+----------+-------------+----------+-------------+----+---------------------------------------------+
| g10   | BUFG/O          | n/a               | clkfbout_clk_gen |       4.000 | {0.000 2.000} |          |           0 |        0 |           1 |  0 | app_0/clk_gen_cmp/inst/clkfbout_buf_clk_gen |
+-------+-----------------+-------------------+------------------+-------------+---------------+----------+-------------+----------+-------------+----+---------------------------------------------+


+----+----+----+
|    | X0 | X1 |
+----+----+----+
| Y4 |  0 |  0 |
| Y3 |  0 |  0 |
| Y2 |  1 |  0 |
| Y1 |  0 |  0 |
| Y0 |  0 |  0 |
+----+----+----+


28. Load Cell Placement Summary for Global Clock g11
----------------------------------------------------

+-------+-----------------+-------------------+---------------------------------------------------------------------+-------------+----------------+----------+-------------+----------+-------------+----+--------------------------+
| GlbID | Driver Type/Pin | Driver Region (D) | Clock                                                               | Period (ns) | Waveform (ns)  | Root (R) | Slice Loads | IO Loads | Clock Loads | GT | Net                      |
+-------+-----------------+-------------------+---------------------------------------------------------------------+-------------+----------------+----------+-------------+----------+-------------+----+--------------------------+
| g11   | BUFG/O          | n/a               | dbg_hub/inst/N_EXT_BSCAN.bscan_inst/SERIES7_BSCAN.bscan_inst/UPDATE |      60.000 | {0.000 30.000} |          |           1 |        0 |           0 |  0 | dbg_hub/inst/UPDATE_temp |
+-------+-----------------+-------------------+---------------------------------------------------------------------+-------------+----------------+----------+-------------+----------+-------------+----+--------------------------+


+----+----+----+
|    | X0 | X1 |
+----+----+----+
| Y4 |  0 |  0 |
| Y3 |  0 |  0 |
| Y2 |  0 |  1 |
| Y1 |  0 |  0 |
| Y0 |  0 |  0 |
+----+----+----+


29. Load Cell Placement Summary for Global Clock g12
----------------------------------------------------

+-------+-----------------+-------------------+---------------+-------------+---------------+----------+-------------+----------+-------------+----+---------------------------------------------------------------------------+
| GlbID | Driver Type/Pin | Driver Region (D) | Clock         | Period (ns) | Waveform (ns) | Root (R) | Slice Loads | IO Loads | Clock Loads | GT | Net                                                                       |
+-------+-----------------+-------------------+---------------+-------------+---------------+----------+-------------+----------+-------------+----+---------------------------------------------------------------------------+
| g12   | BUFG/O          | n/a               | txoutclk_x0y0 |      10.000 | {0.000 5.000} |          |           0 |        0 |           1 |  0 | pcie_0/U0/inst/gt_top_i/pipe_wrapper_i/pipe_clock_int.pipe_clock_i/refclk |
+-------+-----------------+-------------------+---------------+-------------+---------------+----------+-------------+----------+-------------+----+---------------------------------------------------------------------------+


+----+----+----+
|    | X0 | X1 |
+----+----+----+
| Y4 |  1 |  0 |
| Y3 |  0 |  0 |
| Y2 |  0 |  0 |
| Y1 |  0 |  0 |
| Y0 |  0 |  0 |
+----+----+----+



# Location of BUFG Primitives 
set_property LOC BUFGCTRL_X0Y20 [get_cells pcie_0/U0/inst/gt_top_i/pipe_wrapper_i/pipe_clock_int.pipe_clock_i/txoutclk_i.txoutclk_i]
set_property LOC BUFGCTRL_X0Y18 [get_cells pcie_0/U0/inst/gt_top_i/pipe_wrapper_i/pipe_clock_int.pipe_clock_i/dclk_i_bufg.dclk_i]
set_property LOC BUFGCTRL_X0Y17 [get_cells pcie_0/U0/inst/gt_top_i/pipe_wrapper_i/pipe_clock_int.pipe_clock_i/userclk1_i1.usrclk1_i1]
set_property LOC BUFGCTRL_X0Y16 [get_cells pcie_0/U0/inst/gt_top_i/pipe_wrapper_i/pipe_clock_int.pipe_clock_i/pclk_i1_bufgctrl.pclk_i1]
set_property LOC BUFGCTRL_X0Y19 [get_cells pcie_0/U0/inst/gt_top_i/pipe_wrapper_i/cpllpd_refclk_inst]
set_property LOC BUFGCTRL_X0Y5 [get_cells dbg_hub/inst/N_EXT_BSCAN.u_bufg_icon]
set_property LOC BUFGCTRL_X0Y7 [get_cells dbg_hub/inst/N_EXT_BSCAN.u_bufg_icon_update]
set_property LOC BUFGCTRL_X0Y6 [get_cells app_0/clk_gen_cmp/inst/clkf_buf]
set_property LOC BUFGCTRL_X0Y3 [get_cells app_0/clk_gen_cmp/inst/clkout6_buf]
set_property LOC BUFGCTRL_X0Y2 [get_cells app_0/clk_gen_cmp/inst/clkout5_buf]
set_property LOC BUFGCTRL_X0Y1 [get_cells app_0/clk_gen_cmp/inst/clkout4_buf]
set_property LOC BUFGCTRL_X0Y4 [get_cells app_0/clk_gen_cmp/inst/clkout1_buf]
set_property LOC BUFGCTRL_X0Y0 [get_cells app_0/clk_gen_cmp/inst/clkout2_buf]

# Location of IO Primitives which is load of clock spine

# Location of clock ports
set_property LOC IPAD_X1Y45 [get_ports pcie_clk_n]
set_property LOC IPAD_X1Y44 [get_ports pcie_clk_p]

# Clock net "pcie_0/U0/inst/gt_top_i/pipe_wrapper_i/pipe_clock_int.pipe_clock_i/dclk_rst_reg2_reg" driven by instance "pcie_0/U0/inst/gt_top_i/pipe_wrapper_i/pipe_clock_int.pipe_clock_i/dclk_i_bufg.dclk_i" located at site "BUFGCTRL_X0Y18"
#startgroup
create_pblock {CLKAG_pcie_0/U0/inst/gt_top_i/pipe_wrapper_i/pipe_clock_int.pipe_clock_i/dclk_rst_reg2_reg}
add_cells_to_pblock [get_pblocks  {CLKAG_pcie_0/U0/inst/gt_top_i/pipe_wrapper_i/pipe_clock_int.pipe_clock_i/dclk_rst_reg2_reg}] [get_cells -filter { PRIMITIVE_GROUP != I/O && IS_PRIMITIVE==1 && PRIMITIVE_LEVEL !=INTERNAL } -of_object [get_pins -filter {DIRECTION==IN} -of_objects [get_nets -hierarchical -filter {PARENT=="pcie_0/U0/inst/gt_top_i/pipe_wrapper_i/pipe_clock_int.pipe_clock_i/dclk_rst_reg2_reg"}]]]
resize_pblock [get_pblocks {CLKAG_pcie_0/U0/inst/gt_top_i/pipe_wrapper_i/pipe_clock_int.pipe_clock_i/dclk_rst_reg2_reg}] -add {CLOCKREGION_X1Y3:CLOCKREGION_X1Y3 CLOCKREGION_X1Y4:CLOCKREGION_X1Y4}
#endgroup

# Clock net "pcie_0/U0/inst/gt_top_i/pipe_wrapper_i/pipe_clock_int.pipe_clock_i/INT_USERCLK1_OUT" driven by instance "pcie_0/U0/inst/gt_top_i/pipe_wrapper_i/pipe_clock_int.pipe_clock_i/userclk1_i1.usrclk1_i1" located at site "BUFGCTRL_X0Y17"
#startgroup
create_pblock {CLKAG_pcie_0/U0/inst/gt_top_i/pipe_wrapper_i/pipe_clock_int.pipe_clock_i/INT_USERCLK1_OUT}
add_cells_to_pblock [get_pblocks  {CLKAG_pcie_0/U0/inst/gt_top_i/pipe_wrapper_i/pipe_clock_int.pipe_clock_i/INT_USERCLK1_OUT}] [get_cells -filter { PRIMITIVE_GROUP != I/O && IS_PRIMITIVE==1 && PRIMITIVE_LEVEL !=INTERNAL && NAME!=app_0/clk_gen_cmp/inst/mmcm_adv_inst} -of_object [get_pins -filter {DIRECTION==IN} -of_objects [get_nets -hierarchical -filter {PARENT=="pcie_0/U0/inst/gt_top_i/pipe_wrapper_i/pipe_clock_int.pipe_clock_i/INT_USERCLK1_OUT"}]]]
resize_pblock [get_pblocks {CLKAG_pcie_0/U0/inst/gt_top_i/pipe_wrapper_i/pipe_clock_int.pipe_clock_i/INT_USERCLK1_OUT}] -add {CLOCKREGION_X1Y2:CLOCKREGION_X1Y2 CLOCKREGION_X1Y3:CLOCKREGION_X1Y3}
#endgroup

# Clock net "pcie_0/U0/inst/gt_top_i/pipe_wrapper_i/pipe_clock_int.pipe_clock_i/CLK" driven by instance "pcie_0/U0/inst/gt_top_i/pipe_wrapper_i/pipe_clock_int.pipe_clock_i/pclk_i1_bufgctrl.pclk_i1" located at site "BUFGCTRL_X0Y16"
#startgroup
create_pblock {CLKAG_pcie_0/U0/inst/gt_top_i/pipe_wrapper_i/pipe_clock_int.pipe_clock_i/CLK}
add_cells_to_pblock [get_pblocks  {CLKAG_pcie_0/U0/inst/gt_top_i/pipe_wrapper_i/pipe_clock_int.pipe_clock_i/CLK}] [get_cells -filter { PRIMITIVE_GROUP != I/O && IS_PRIMITIVE==1 && PRIMITIVE_LEVEL !=INTERNAL } -of_object [get_pins -filter {DIRECTION==IN} -of_objects [get_nets -hierarchical -filter {PARENT=="pcie_0/U0/inst/gt_top_i/pipe_wrapper_i/pipe_clock_int.pipe_clock_i/CLK"}]]]
resize_pblock [get_pblocks {CLKAG_pcie_0/U0/inst/gt_top_i/pipe_wrapper_i/pipe_clock_int.pipe_clock_i/CLK}] -add {CLOCKREGION_X1Y3:CLOCKREGION_X1Y3 CLOCKREGION_X1Y4:CLOCKREGION_X1Y4}
#endgroup

# Clock net "dbg_hub/inst/idrck" driven by instance "dbg_hub/inst/N_EXT_BSCAN.u_bufg_icon" located at site "BUFGCTRL_X0Y5"
#startgroup
create_pblock {CLKAG_dbg_hub/inst/idrck}
add_cells_to_pblock [get_pblocks  {CLKAG_dbg_hub/inst/idrck}] [get_cells -filter { PRIMITIVE_GROUP != I/O && IS_PRIMITIVE==1 && PRIMITIVE_LEVEL !=INTERNAL } -of_object [get_pins -filter {DIRECTION==IN} -of_objects [get_nets -hierarchical -filter {PARENT=="dbg_hub/inst/idrck"}]]]
resize_pblock [get_pblocks {CLKAG_dbg_hub/inst/idrck}] -add {CLOCKREGION_X1Y2:CLOCKREGION_X1Y2}
#endgroup

# Clock net "dbg_hub/inst/UPDATE_temp" driven by instance "dbg_hub/inst/N_EXT_BSCAN.u_bufg_icon_update" located at site "BUFGCTRL_X0Y7"
#startgroup
create_pblock {CLKAG_dbg_hub/inst/UPDATE_temp}
add_cells_to_pblock [get_pblocks  {CLKAG_dbg_hub/inst/UPDATE_temp}] [get_cells -filter { PRIMITIVE_GROUP != I/O && IS_PRIMITIVE==1 && PRIMITIVE_LEVEL !=INTERNAL } -of_object [get_pins -filter {DIRECTION==IN} -of_objects [get_nets -hierarchical -filter {PARENT=="dbg_hub/inst/UPDATE_temp"}]]]
resize_pblock [get_pblocks {CLKAG_dbg_hub/inst/UPDATE_temp}] -add {CLOCKREGION_X1Y2:CLOCKREGION_X1Y2}
#endgroup

# Clock net "app_0/clk_gen_cmp/inst/clk_640" driven by instance "app_0/clk_gen_cmp/inst/clkout6_buf" located at site "BUFGCTRL_X0Y3"
#startgroup
create_pblock {CLKAG_app_0/clk_gen_cmp/inst/clk_640}
add_cells_to_pblock [get_pblocks  {CLKAG_app_0/clk_gen_cmp/inst/clk_640}] [get_cells -filter { PRIMITIVE_GROUP != I/O && IS_PRIMITIVE==1 && PRIMITIVE_LEVEL !=INTERNAL } -of_object [get_pins -filter {DIRECTION==IN} -of_objects [get_nets -hierarchical -filter {PARENT=="app_0/clk_gen_cmp/inst/clk_640"}]]]
resize_pblock [get_pblocks {CLKAG_app_0/clk_gen_cmp/inst/clk_640}] -add {CLOCKREGION_X0Y0:CLOCKREGION_X0Y0 CLOCKREGION_X0Y1:CLOCKREGION_X0Y1 CLOCKREGION_X0Y2:CLOCKREGION_X0Y2 CLOCKREGION_X0Y3:CLOCKREGION_X0Y3 CLOCKREGION_X0Y4:CLOCKREGION_X0Y4}
#endgroup

# Clock net "app_0/clk_gen_cmp/inst/clk_40_90" driven by instance "app_0/clk_gen_cmp/inst/clkout5_buf" located at site "BUFGCTRL_X0Y2"
#startgroup
create_pblock {CLKAG_app_0/clk_gen_cmp/inst/clk_40_90}
add_cells_to_pblock [get_pblocks  {CLKAG_app_0/clk_gen_cmp/inst/clk_40_90}] [get_cells -filter { PRIMITIVE_GROUP != I/O && IS_PRIMITIVE==1 && PRIMITIVE_LEVEL !=INTERNAL } -of_object [get_pins -filter {DIRECTION==IN} -of_objects [get_nets -hierarchical -filter {PARENT=="app_0/clk_gen_cmp/inst/clk_40_90"}]]]
resize_pblock [get_pblocks {CLKAG_app_0/clk_gen_cmp/inst/clk_40_90}] -add {CLOCKREGION_X0Y0:CLOCKREGION_X0Y0 CLOCKREGION_X0Y1:CLOCKREGION_X0Y1 CLOCKREGION_X0Y4:CLOCKREGION_X0Y4}
#endgroup

# Clock net "app_0/clk_gen_cmp/inst/clk_40" driven by instance "app_0/clk_gen_cmp/inst/clkout4_buf" located at site "BUFGCTRL_X0Y1"
#startgroup
create_pblock {CLKAG_app_0/clk_gen_cmp/inst/clk_40}
add_cells_to_pblock [get_pblocks  {CLKAG_app_0/clk_gen_cmp/inst/clk_40}] [get_cells -filter { PRIMITIVE_GROUP != I/O && IS_PRIMITIVE==1 && PRIMITIVE_LEVEL !=INTERNAL } -of_object [get_pins -filter {DIRECTION==IN} -of_objects [get_nets -hierarchical -filter {PARENT=="app_0/clk_gen_cmp/inst/clk_40"}]]]
resize_pblock [get_pblocks {CLKAG_app_0/clk_gen_cmp/inst/clk_40}] -add {CLOCKREGION_X0Y0:CLOCKREGION_X0Y0 CLOCKREGION_X0Y1:CLOCKREGION_X0Y1 CLOCKREGION_X0Y3:CLOCKREGION_X0Y3 CLOCKREGION_X0Y4:CLOCKREGION_X0Y4 CLOCKREGION_X1Y1:CLOCKREGION_X1Y1 CLOCKREGION_X1Y3:CLOCKREGION_X1Y3 CLOCKREGION_X1Y4:CLOCKREGION_X1Y4}
#endgroup

# Clock net "app_0/clk_gen_cmp/inst/clk_250" driven by instance "app_0/clk_gen_cmp/inst/clkout1_buf" located at site "BUFGCTRL_X0Y4"
#startgroup
create_pblock {CLKAG_app_0/clk_gen_cmp/inst/clk_250}
add_cells_to_pblock [get_pblocks  {CLKAG_app_0/clk_gen_cmp/inst/clk_250}] [get_cells -filter { PRIMITIVE_GROUP != I/O && IS_PRIMITIVE==1 && PRIMITIVE_LEVEL !=INTERNAL } -of_object [get_pins -filter {DIRECTION==IN} -of_objects [get_nets -hierarchical -filter {PARENT=="app_0/clk_gen_cmp/inst/clk_250"}]]]
resize_pblock [get_pblocks {CLKAG_app_0/clk_gen_cmp/inst/clk_250}] -add {CLOCKREGION_X0Y0:CLOCKREGION_X0Y0 CLOCKREGION_X0Y1:CLOCKREGION_X0Y1 CLOCKREGION_X0Y2:CLOCKREGION_X0Y2 CLOCKREGION_X0Y3:CLOCKREGION_X0Y3 CLOCKREGION_X0Y4:CLOCKREGION_X0Y4 CLOCKREGION_X1Y0:CLOCKREGION_X1Y0 CLOCKREGION_X1Y1:CLOCKREGION_X1Y1 CLOCKREGION_X1Y2:CLOCKREGION_X1Y2 CLOCKREGION_X1Y3:CLOCKREGION_X1Y3 CLOCKREGION_X1Y4:CLOCKREGION_X1Y4}
#endgroup

# Clock net "app_0/clk_gen_cmp/inst/clk_160" driven by instance "app_0/clk_gen_cmp/inst/clkout2_buf" located at site "BUFGCTRL_X0Y0"
#startgroup
create_pblock {CLKAG_app_0/clk_gen_cmp/inst/clk_160}
add_cells_to_pblock [get_pblocks  {CLKAG_app_0/clk_gen_cmp/inst/clk_160}] [get_cells -filter { PRIMITIVE_GROUP != I/O && IS_PRIMITIVE==1 && PRIMITIVE_LEVEL !=INTERNAL } -of_object [get_pins -filter {DIRECTION==IN} -of_objects [get_nets -hierarchical -filter {PARENT=="app_0/clk_gen_cmp/inst/clk_160"}]]]
resize_pblock [get_pblocks {CLKAG_app_0/clk_gen_cmp/inst/clk_160}] -add {CLOCKREGION_X0Y0:CLOCKREGION_X0Y0 CLOCKREGION_X0Y1:CLOCKREGION_X0Y1 CLOCKREGION_X0Y2:CLOCKREGION_X0Y2 CLOCKREGION_X0Y3:CLOCKREGION_X0Y3 CLOCKREGION_X0Y4:CLOCKREGION_X0Y4}
#endgroup
